[2022-02-16T01:12:29.423+0300][9ms] Using G1
[2022-02-16T01:12:29.438+0300][20ms] Version: 15.0.2+7-27 (release)
[2022-02-16T01:12:29.438+0300][21ms] CPUs: 6 total, 6 available
[2022-02-16T01:12:29.438+0300][21ms] Memory: 16366M
[2022-02-16T01:12:29.438+0300][21ms] Large Page Support: Disabled
[2022-02-16T01:12:29.438+0300][21ms] NUMA Support: Disabled
[2022-02-16T01:12:29.438+0300][21ms] Compressed Oops: Enabled (32-bit)
[2022-02-16T01:12:29.438+0300][21ms] Heap Region Size: 1M
[2022-02-16T01:12:29.438+0300][21ms] Heap Min Capacity: 1G
[2022-02-16T01:12:29.438+0300][21ms] Heap Initial Capacity: 1G
[2022-02-16T01:12:29.438+0300][21ms] Heap Max Capacity: 1G
[2022-02-16T01:12:29.438+0300][21ms] Pre-touch: Disabled
[2022-02-16T01:12:29.438+0300][21ms] Parallel Workers: 6
[2022-02-16T01:12:29.438+0300][21ms] Concurrent Workers: 2
[2022-02-16T01:12:29.438+0300][21ms] Concurrent Refinement Workers: 6
[2022-02-16T01:12:29.438+0300][22ms] Periodic GC: Disabled
[2022-02-16T01:12:29.438+0300][22ms] CDS archive(s) mapped at: [0x0000000800000000-0x0000000800b50000-0x0000000800b50000), size 11862016, SharedBaseAddress: 0x0000000800000000, ArchiveRelocationMode: 0.
[2022-02-16T01:12:29.438+0300][22ms] Compressed class space mapped at: 0x0000000800b50000-0x0000000810350000, size: 260046848
[2022-02-16T01:12:29.438+0300][22ms] Narrow klass base: 0x0000000800000000, Narrow klass shift: 3, Narrow klass range: 0x100000000
[2022-02-16T01:12:30.607+0300][1192ms] GC(0) Pause Young (Normal) (G1 Evacuation Pause)
[2022-02-16T01:12:30.607+0300][1192ms] GC(0) Using 6 workers of 6 for evacuation
[2022-02-16T01:12:30.622+0300][1204ms] GC(0)   Pre Evacuate Collection Set: 0.4ms
[2022-02-16T01:12:30.622+0300][1204ms] GC(0)   Merge Heap Roots: 0.1ms
[2022-02-16T01:12:30.622+0300][1204ms] GC(0)   Evacuate Collection Set: 10.5ms
[2022-02-16T01:12:30.622+0300][1204ms] GC(0)   Post Evacuate Collection Set: 0.8ms
[2022-02-16T01:12:30.622+0300][1204ms] GC(0)   Other: 0.5ms
[2022-02-16T01:12:30.622+0300][1204ms] GC(0) Eden regions: 51->0(44)
[2022-02-16T01:12:30.622+0300][1204ms] GC(0) Survivor regions: 0->7(7)
[2022-02-16T01:12:30.622+0300][1204ms] GC(0) Old regions: 0->2
[2022-02-16T01:12:30.622+0300][1204ms] GC(0) Archive regions: 0->0
[2022-02-16T01:12:30.622+0300][1204ms] GC(0) Humongous regions: 0->0
[2022-02-16T01:12:30.622+0300][1204ms] GC(0) Metaspace: 11957K(13056K)->11957K(13056K) NonClass: 10590K(11264K)->10590K(11264K) Class: 1366K(1792K)->1366K(1792K)
[2022-02-16T01:12:30.622+0300][1204ms] GC(0) Pause Young (Normal) (G1 Evacuation Pause) 51M->8M(1024M) 12.571ms
[2022-02-16T01:12:30.622+0300][1204ms] GC(0) User=0.09s Sys=0.00s Real=0.01s
[2022-02-16T01:12:31.075+0300][1654ms] GC(1) Pause Young (Normal) (G1 Evacuation Pause)
[2022-02-16T01:12:31.075+0300][1654ms] GC(1) Using 6 workers of 6 for evacuation
[2022-02-16T01:12:31.085+0300][1665ms] GC(1)   Pre Evacuate Collection Set: 0.1ms
[2022-02-16T01:12:31.086+0300][1665ms] GC(1)   Merge Heap Roots: 0.1ms
[2022-02-16T01:12:31.086+0300][1665ms] GC(1)   Evacuate Collection Set: 9.7ms
[2022-02-16T01:12:31.086+0300][1665ms] GC(1)   Post Evacuate Collection Set: 0.6ms
[2022-02-16T01:12:31.086+0300][1665ms] GC(1)   Other: 0.2ms
[2022-02-16T01:12:31.086+0300][1665ms] GC(1) Eden regions: 44->0(56)
[2022-02-16T01:12:31.086+0300][1665ms] GC(1) Survivor regions: 7->5(7)
[2022-02-16T01:12:31.086+0300][1665ms] GC(1) Old regions: 2->9
[2022-02-16T01:12:31.086+0300][1665ms] GC(1) Archive regions: 0->0
[2022-02-16T01:12:31.086+0300][1665ms] GC(1) Humongous regions: 0->0
[2022-02-16T01:12:31.086+0300][1665ms] GC(1) Metaspace: 18206K(19840K)->18206K(19840K) NonClass: 16137K(17152K)->16137K(17152K) Class: 2069K(2688K)->2069K(2688K)
[2022-02-16T01:12:31.086+0300][1665ms] GC(1) Pause Young (Normal) (G1 Evacuation Pause) 52M->13M(1024M) 10.982ms
[2022-02-16T01:12:31.086+0300][1665ms] GC(1) User=0.00s Sys=0.00s Real=0.01s
[2022-02-16T01:12:31.241+0300][1828ms] GC(2) Pause Young (Normal) (G1 Evacuation Pause)
[2022-02-16T01:12:31.241+0300][1828ms] GC(2) Using 6 workers of 6 for evacuation
[2022-02-16T01:12:31.256+0300][1838ms] GC(2)   Pre Evacuate Collection Set: 0.3ms
[2022-02-16T01:12:31.256+0300][1838ms] GC(2)   Merge Heap Roots: 0.1ms
[2022-02-16T01:12:31.256+0300][1838ms] GC(2)   Evacuate Collection Set: 8.6ms
[2022-02-16T01:12:31.256+0300][1838ms] GC(2)   Post Evacuate Collection Set: 0.5ms
[2022-02-16T01:12:31.256+0300][1838ms] GC(2)   Other: 0.3ms
[2022-02-16T01:12:31.256+0300][1838ms] GC(2) Eden regions: 56->0(150)
[2022-02-16T01:12:31.256+0300][1838ms] GC(2) Survivor regions: 5->6(8)
[2022-02-16T01:12:31.256+0300][1838ms] GC(2) Old regions: 9->13
[2022-02-16T01:12:31.256+0300][1838ms] GC(2) Archive regions: 0->0
[2022-02-16T01:12:31.256+0300][1838ms] GC(2) Humongous regions: 0->0
[2022-02-16T01:12:31.256+0300][1838ms] GC(2) Metaspace: 20646K(23424K)->20646K(23424K) NonClass: 18298K(20224K)->18298K(20224K) Class: 2348K(3200K)->2348K(3200K)
[2022-02-16T01:12:31.256+0300][1838ms] GC(2) Pause Young (Normal) (G1 Evacuation Pause) 69M->18M(1024M) 10.056ms
[2022-02-16T01:12:31.256+0300][1838ms] GC(2) User=0.08s Sys=0.02s Real=0.02s
[2022-02-16T01:12:31.841+0300][2433ms] GC(3) Pause Young (Normal) (G1 Evacuation Pause)
[2022-02-16T01:12:31.841+0300][2433ms] GC(3) Using 6 workers of 6 for evacuation
[2022-02-16T01:12:31.856+0300][2443ms] GC(3)   Pre Evacuate Collection Set: 0.1ms
[2022-02-16T01:12:31.856+0300][2443ms] GC(3)   Merge Heap Roots: 0.1ms
[2022-02-16T01:12:31.856+0300][2443ms] GC(3)   Evacuate Collection Set: 9.1ms
[2022-02-16T01:12:31.856+0300][2443ms] GC(3)   Post Evacuate Collection Set: 1.0ms
[2022-02-16T01:12:31.856+0300][2443ms] GC(3)   Other: 0.2ms
[2022-02-16T01:12:31.856+0300][2443ms] GC(3) Eden regions: 150->0(182)
[2022-02-16T01:12:31.856+0300][2443ms] GC(3) Survivor regions: 6->13(20)
[2022-02-16T01:12:31.856+0300][2443ms] GC(3) Old regions: 13->13
[2022-02-16T01:12:31.856+0300][2443ms] GC(3) Archive regions: 0->0
[2022-02-16T01:12:31.856+0300][2443ms] GC(3) Humongous regions: 1->1
[2022-02-16T01:12:31.856+0300][2443ms] GC(3) Metaspace: 31738K(36352K)->31738K(36352K) NonClass: 27710K(30976K)->27710K(30976K) Class: 4028K(5376K)->4028K(5376K)
[2022-02-16T01:12:31.856+0300][2443ms] GC(3) Pause Young (Normal) (G1 Evacuation Pause) 169M->25M(1024M) 10.862ms
[2022-02-16T01:12:31.856+0300][2443ms] GC(3) User=0.06s Sys=0.03s Real=0.01s
[2022-02-16T01:12:34.168+0300][4748ms] GC(4) Pause Young (Normal) (G1 Evacuation Pause)
[2022-02-16T01:12:34.168+0300][4748ms] GC(4) Using 6 workers of 6 for evacuation
[2022-02-16T01:12:34.193+0300][4774ms] GC(4)   Pre Evacuate Collection Set: 0.2ms
[2022-02-16T01:12:34.194+0300][4774ms] GC(4)   Merge Heap Roots: 0.1ms
[2022-02-16T01:12:34.194+0300][4774ms] GC(4)   Evacuate Collection Set: 23.7ms
[2022-02-16T01:12:34.194+0300][4774ms] GC(4)   Post Evacuate Collection Set: 1.2ms
[2022-02-16T01:12:34.194+0300][4774ms] GC(4)   Other: 0.2ms
[2022-02-16T01:12:34.194+0300][4774ms] GC(4) Eden regions: 182->0(232)
[2022-02-16T01:12:34.194+0300][4774ms] GC(4) Survivor regions: 13->25(25)
[2022-02-16T01:12:34.194+0300][4774ms] GC(4) Old regions: 13->15
[2022-02-16T01:12:34.194+0300][4774ms] GC(4) Archive regions: 0->0
[2022-02-16T01:12:34.194+0300][4774ms] GC(4) Humongous regions: 1->1
[2022-02-16T01:12:34.194+0300][4774ms] GC(4) Metaspace: 58246K(65536K)->58246K(65536K) NonClass: 50921K(56064K)->50921K(56064K) Class: 7325K(9472K)->7325K(9472K)
[2022-02-16T01:12:34.194+0300][4774ms] GC(4) Pause Young (Normal) (G1 Evacuation Pause) 207M->40M(1024M) 25.798ms
[2022-02-16T01:12:34.194+0300][4774ms] GC(4) User=0.08s Sys=0.02s Real=0.03s
[2022-02-16T01:12:36.601+0300][7181ms] GC(5) Pause Young (Concurrent Start) (Metadata GC Threshold)
[2022-02-16T01:12:36.601+0300][7181ms] GC(5) Using 6 workers of 6 for evacuation
[2022-02-16T01:12:36.631+0300][7211ms] GC(5)   Pre Evacuate Collection Set: 0.3ms
[2022-02-16T01:12:36.631+0300][7211ms] GC(5)   Merge Heap Roots: 0.1ms
[2022-02-16T01:12:36.631+0300][7211ms] GC(5)   Evacuate Collection Set: 28.1ms
[2022-02-16T01:12:36.631+0300][7211ms] GC(5)   Post Evacuate Collection Set: 1.4ms
[2022-02-16T01:12:36.631+0300][7211ms] GC(5)   Other: 0.3ms
[2022-02-16T01:12:36.631+0300][7211ms] GC(5) Eden regions: 141->0(209)
[2022-02-16T01:12:36.631+0300][7212ms] GC(5) Survivor regions: 25->25(32)
[2022-02-16T01:12:36.631+0300][7212ms] GC(5) Old regions: 15->25
[2022-02-16T01:12:36.631+0300][7212ms] GC(5) Archive regions: 0->0
[2022-02-16T01:12:36.631+0300][7212ms] GC(5) Humongous regions: 1->1
[2022-02-16T01:12:36.631+0300][7212ms] GC(5) Metaspace: 89475K(98304K)->89475K(98304K) NonClass: 77921K(84096K)->77921K(84096K) Class: 11553K(14208K)->11553K(14208K)
[2022-02-16T01:12:36.632+0300][7212ms] GC(5) Pause Young (Concurrent Start) (Metadata GC Threshold) 181M->50M(1024M) 30.450ms
[2022-02-16T01:12:36.632+0300][7212ms] GC(5) User=0.08s Sys=0.00s Real=0.03s
[2022-02-16T01:12:36.632+0300][7212ms] GC(6) Concurrent Cycle
[2022-02-16T01:12:36.632+0300][7212ms] GC(6) Concurrent Clear Claimed Marks
[2022-02-16T01:12:36.632+0300][7212ms] GC(6) Concurrent Clear Claimed Marks 0.064ms
[2022-02-16T01:12:36.632+0300][7212ms] GC(6) Concurrent Scan Root Regions
[2022-02-16T01:12:36.651+0300][7231ms] GC(6) Concurrent Scan Root Regions 18.946ms
[2022-02-16T01:12:36.651+0300][7231ms] GC(6) Concurrent Mark (7.231s)
[2022-02-16T01:12:36.651+0300][7231ms] GC(6) Concurrent Mark From Roots
[2022-02-16T01:12:36.651+0300][7231ms] GC(6) Using 2 workers of 2 for marking
[2022-02-16T01:12:36.666+0300][7246ms] GC(6) Concurrent Mark From Roots 14.885ms
[2022-02-16T01:12:36.666+0300][7246ms] GC(6) Concurrent Preclean
[2022-02-16T01:12:36.666+0300][7246ms] GC(6) Concurrent Preclean 0.162ms
[2022-02-16T01:12:36.666+0300][7246ms] GC(6) Concurrent Mark (7.231s, 7.247s) 15.162ms
[2022-02-16T01:12:36.666+0300][7246ms] GC(6) Pause Remark
[2022-02-16T01:12:36.669+0300][7250ms] GC(6) Pause Remark 52M->52M(1024M) 3.304ms
[2022-02-16T01:12:36.670+0300][7250ms] GC(6) User=0.00s Sys=0.00s Real=0.00s
[2022-02-16T01:12:36.670+0300][7250ms] GC(6) Concurrent Rebuild Remembered Sets
[2022-02-16T01:12:36.687+0300][7267ms] GC(6) Concurrent Rebuild Remembered Sets 16.876ms
[2022-02-16T01:12:36.694+0300][7274ms] GC(6) Pause Cleanup
[2022-02-16T01:12:36.694+0300][7274ms] GC(6) Pause Cleanup 53M->53M(1024M) 0.257ms
[2022-02-16T01:12:36.694+0300][7274ms] GC(6) User=0.00s Sys=0.00s Real=0.00s
[2022-02-16T01:12:36.694+0300][7274ms] GC(6) Concurrent Cleanup for Next Mark
[2022-02-16T01:12:36.701+0300][7281ms] GC(6) Concurrent Cleanup for Next Mark 6.802ms
[2022-02-16T01:12:36.701+0300][7281ms] GC(6) Concurrent Cycle 69.057ms
[2022-02-16T02:28:49.582+0300][4580489ms] GC(7) Pause Young (Concurrent Start) (G1 Evacuation Pause)
[2022-02-16T02:28:49.582+0300][4580489ms] GC(7) Using 6 workers of 6 for evacuation
[2022-02-16T02:28:49.609+0300][4580516ms] GC(7)   Pre Evacuate Collection Set: 0.4ms
[2022-02-16T02:28:49.609+0300][4580516ms] GC(7)   Merge Heap Roots: 0.2ms
[2022-02-16T02:28:49.609+0300][4580516ms] GC(7)   Evacuate Collection Set: 23.3ms
[2022-02-16T02:28:49.609+0300][4580516ms] GC(7)   Post Evacuate Collection Set: 2.5ms
[2022-02-16T02:28:49.609+0300][4580516ms] GC(7)   Other: 0.7ms
[2022-02-16T02:28:49.609+0300][4580516ms] GC(7) Eden regions: 221->0(603)
[2022-02-16T02:28:49.609+0300][4580516ms] GC(7) Survivor regions: 25->11(31)
[2022-02-16T02:28:49.609+0300][4580516ms] GC(7) Old regions: 25->40
[2022-02-16T02:28:49.609+0300][4580516ms] GC(7) Archive regions: 0->0
[2022-02-16T02:28:49.609+0300][4580516ms] GC(7) Humongous regions: 1->1
[2022-02-16T02:28:49.609+0300][4580516ms] GC(7) Metaspace: 96896K(105856K)->96896K(105856K) NonClass: 84803K(91136K)->84803K(91136K) Class: 12093K(14720K)->12093K(14720K)
[2022-02-16T02:28:49.609+0300][4580516ms] GC(7) Pause Young (Concurrent Start) (G1 Evacuation Pause) 271M->51M(1024M) 27.262ms
[2022-02-16T02:28:49.609+0300][4580516ms] GC(7) User=0.08s Sys=0.09s Real=0.03s
[2022-02-16T02:28:49.610+0300][4580516ms] GC(8) Concurrent Cycle
[2022-02-16T02:28:49.610+0300][4580516ms] GC(8) Concurrent Clear Claimed Marks
[2022-02-16T02:28:49.610+0300][4580516ms] GC(8) Concurrent Clear Claimed Marks 0.069ms
[2022-02-16T02:28:49.610+0300][4580516ms] GC(8) Concurrent Scan Root Regions
[2022-02-16T02:28:49.626+0300][4580533ms] GC(8) Concurrent Scan Root Regions 16.361ms
[2022-02-16T02:28:49.626+0300][4580533ms] GC(8) Concurrent Mark (4580.533s)
[2022-02-16T02:28:49.626+0300][4580533ms] GC(8) Concurrent Mark From Roots
[2022-02-16T02:28:49.626+0300][4580533ms] GC(8) Using 2 workers of 2 for marking
[2022-02-16T02:28:49.653+0300][4580560ms] GC(8) Concurrent Mark From Roots 27.065ms
[2022-02-16T02:28:49.653+0300][4580560ms] GC(8) Concurrent Preclean
[2022-02-16T02:28:49.654+0300][4580560ms] GC(8) Concurrent Preclean 0.393ms
[2022-02-16T02:28:49.654+0300][4580560ms] GC(8) Concurrent Mark (4580.533s, 4580.561s) 27.568ms
[2022-02-16T02:28:49.654+0300][4580560ms] GC(8) Pause Remark
[2022-02-16T02:28:49.674+0300][4580580ms] GC(8) Pause Remark 52M->52M(1024M) 19.801ms
[2022-02-16T02:28:49.674+0300][4580580ms] GC(8) User=0.09s Sys=0.00s Real=0.02s
[2022-02-16T02:28:49.674+0300][4580580ms] GC(8) Concurrent Rebuild Remembered Sets
[2022-02-16T02:28:49.700+0300][4580607ms] GC(8) Concurrent Rebuild Remembered Sets 26.268ms
[2022-02-16T02:28:49.811+0300][4580718ms] GC(8) Pause Cleanup
[2022-02-16T02:28:49.811+0300][4580718ms] GC(8) Pause Cleanup 52M->52M(1024M) 0.298ms
[2022-02-16T02:28:49.811+0300][4580718ms] GC(8) User=0.00s Sys=0.00s Real=0.00s
[2022-02-16T02:28:49.811+0300][4580718ms] GC(8) Concurrent Cleanup for Next Mark
[2022-02-16T02:28:49.822+0300][4580728ms] GC(8) Concurrent Cleanup for Next Mark 10.264ms
[2022-02-16T02:28:49.822+0300][4580728ms] GC(8) Concurrent Cycle 212.162ms
